// Jest Snapshot v1, https://goo.gl/fbAQLP

exports[`should take a snapshot 1`] = `
<DocumentFragment>
  <div
    class="App"
  >
    <h1>
      Value Worksheet
    </h1>
  </div>
</DocumentFragment>
`;
